<p>A <em>simple</em> document with a bit of <a href="#markup">markup</a>.<p>Another paragraph with some <code>inline code</code>.<ul><li>one<li>two<li>three</ul>